Using pip 24.2 from /opt/anaconda3/envs/surfel_splatting/lib/python3.8/site-packages/pip (python 3.8)
Looking in indexes: http://172.16.2.230:8501/simple/
Obtaining file:///home/easyai/2dgs-final/submodules/simple-knn
  Preparing metadata (setup.py): started
  Running command python setup.py egg_info
  running egg_info
  creating /tmp/pip-pip-egg-info-ddwqr2wg/simple_knn.egg-info
  writing /tmp/pip-pip-egg-info-ddwqr2wg/simple_knn.egg-info/PKG-INFO
  writing dependency_links to /tmp/pip-pip-egg-info-ddwqr2wg/simple_knn.egg-info/dependency_links.txt
  writing top-level names to /tmp/pip-pip-egg-info-ddwqr2wg/simple_knn.egg-info/top_level.txt
  writing manifest file '/tmp/pip-pip-egg-info-ddwqr2wg/simple_knn.egg-info/SOURCES.txt'
  reading manifest file '/tmp/pip-pip-egg-info-ddwqr2wg/simple_knn.egg-info/SOURCES.txt'
  adding license file 'LICENSE.md'
  writing manifest file '/tmp/pip-pip-egg-info-ddwqr2wg/simple_knn.egg-info/SOURCES.txt'
  Preparing metadata (setup.py): finished with status 'done'
Installing collected packages: simple_knn
  DEPRECATION: Legacy editable install of simple_knn==0.0.0 from file:///home/easyai/2dgs-final/submodules/simple-knn (setup.py develop) is deprecated. pip 25.0 will enforce this behaviour change. A possible replacement is to add a pyproject.toml or enable --use-pep517, and use setuptools >= 64. If the resulting installation is not behaving as expected, try using --config-settings editable_mode=compat. Please consult the setuptools documentation for more information. Discussion can be found at https://github.com/pypa/pip/issues/11457
  Running setup.py develop for simple_knn
    Running command python setup.py develop
    running develop
    running egg_info
    creating simple_knn.egg-info
    writing simple_knn.egg-info/PKG-INFO
    writing dependency_links to simple_knn.egg-info/dependency_links.txt
    writing top-level names to simple_knn.egg-info/top_level.txt
    writing manifest file 'simple_knn.egg-info/SOURCES.txt'
    reading manifest file 'simple_knn.egg-info/SOURCES.txt'
    adding license file 'LICENSE.md'
    writing manifest file 'simple_knn.egg-info/SOURCES.txt'
    running build_ext
    building 'simple_knn._C' extension
    creating /home/easyai/2dgs-final/submodules/simple-knn/build/temp.linux-x86_64-cpython-38
    /opt/anaconda3/envs/surfel_splatting/lib/python3.8/site-packages/setuptools/command/develop.py:41: EasyInstallDeprecationWarning: easy_install command is deprecated.
    !!

            ********************************************************************************
            Please avoid running ``setup.py`` and ``easy_install``.
            Instead, use pypa/build, pypa/installer or other
            standards-based tools.

            See https://github.com/pypa/setuptools/issues/917 for details.
            ********************************************************************************

    !!
      easy_install.initialize_options(self)
    /opt/anaconda3/envs/surfel_splatting/lib/python3.8/site-packages/setuptools/_distutils/cmd.py:66: SetuptoolsDeprecationWarning: setup.py install is deprecated.
    !!

            ********************************************************************************
            Please avoid running ``setup.py`` directly.
            Instead, use pypa/build, pypa/installer or other
            standards-based tools.

            See https://blog.ganssle.io/articles/2021/10/setup-py-deprecated.html for details.
            ********************************************************************************

    !!
      self.initialize_options()
    /opt/anaconda3/envs/surfel_splatting/lib/python3.8/site-packages/torch/utils/cpp_extension.py:398: UserWarning: There are no /usr/bin/g++-9 version bounds defined for CUDA version 11.8
      warnings.warn(f'There are no {compiler_name} version bounds defined for CUDA version {cuda_str_version}')
    Emitting ninja build file /home/easyai/2dgs-final/submodules/simple-knn/build/temp.linux-x86_64-cpython-38/build.ninja...
    Compiling objects...
    Using envvar MAX_JOBS (4) as the number of workers...
    [1/3] /opt/anaconda3/envs/surfel_splatting/bin/nvcc  -I/opt/anaconda3/envs/surfel_splatting/lib/python3.8/site-packages/torch/include -I/opt/anaconda3/envs/surfel_splatting/lib/python3.8/site-packages/torch/include/torch/csrc/api/include -I/opt/anaconda3/envs/surfel_splatting/lib/python3.8/site-packages/torch/include/TH -I/opt/anaconda3/envs/surfel_splatting/lib/python3.8/site-packages/torch/include/THC -I/opt/anaconda3/envs/surfel_splatting/include -I/opt/anaconda3/envs/surfel_splatting/include/python3.8 -c -c /home/easyai/2dgs-final/submodules/simple-knn/simple_knn.cu -o /home/easyai/2dgs-final/submodules/simple-knn/build/temp.linux-x86_64-cpython-38/simple_knn.o -D__CUDA_NO_HALF_OPERATORS__ -D__CUDA_NO_HALF_CONVERSIONS__ -D__CUDA_NO_BFLOAT16_CONVERSIONS__ -D__CUDA_NO_HALF2_OPERATORS__ --expt-relaxed-constexpr --compiler-options ''"'"'-fPIC'"'"'' -DTORCH_API_INCLUDE_EXTENSION_H '-DPYBIND11_COMPILER_TYPE="_gcc"' '-DPYBIND11_STDLIB="_libstdcpp"' '-DPYBIND11_BUILD_ABI="_cxxabi1011"' -DTORCH_EXTENSION_NAME=_C -D_GLIBCXX_USE_CXX11_ABI=0 -gencode=arch=compute_86,code=sm_86 -ccbin /usr/bin/gcc-9 -std=c++17
    /home/easyai/2dgs-final/submodules/simple-knn/simple_knn.cu:23: warning: "__CUDACC__" redefined
       23 | #define __CUDACC__
          |
    <command-line>: note: this is the location of the previous definition
    /home/easyai/2dgs-final/submodules/simple-knn/simple_knn.cu:23: warning: "__CUDACC__" redefined
       23 | #define __CUDACC__
          |
    <command-line>: note: this is the location of the previous definition
    [2/3] /usr/bin/g++-9 -MMD -MF /home/easyai/2dgs-final/submodules/simple-knn/build/temp.linux-x86_64-cpython-38/ext.o.d -Wsign-compare -DNDEBUG -g -fwrapv -O3 -Wall -Wstrict-prototypes -fPIC -I/opt/anaconda3/envs/surfel_splatting/lib/python3.8/site-packages/torch/include -I/opt/anaconda3/envs/surfel_splatting/lib/python3.8/site-packages/torch/include/torch/csrc/api/include -I/opt/anaconda3/envs/surfel_splatting/lib/python3.8/site-packages/torch/include/TH -I/opt/anaconda3/envs/surfel_splatting/lib/python3.8/site-packages/torch/include/THC -I/opt/anaconda3/envs/surfel_splatting/include -I/opt/anaconda3/envs/surfel_splatting/include/python3.8 -c -c /home/easyai/2dgs-final/submodules/simple-knn/ext.cpp -o /home/easyai/2dgs-final/submodules/simple-knn/build/temp.linux-x86_64-cpython-38/ext.o -DTORCH_API_INCLUDE_EXTENSION_H '-DPYBIND11_COMPILER_TYPE="_gcc"' '-DPYBIND11_STDLIB="_libstdcpp"' '-DPYBIND11_BUILD_ABI="_cxxabi1011"' -DTORCH_EXTENSION_NAME=_C -D_GLIBCXX_USE_CXX11_ABI=0 -std=c++17
    cc1plus: warning: command line option ‘-Wstrict-prototypes’ is valid for C/ObjC but not for C++
    [3/3] /opt/anaconda3/envs/surfel_splatting/bin/nvcc  -I/opt/anaconda3/envs/surfel_splatting/lib/python3.8/site-packages/torch/include -I/opt/anaconda3/envs/surfel_splatting/lib/python3.8/site-packages/torch/include/torch/csrc/api/include -I/opt/anaconda3/envs/surfel_splatting/lib/python3.8/site-packages/torch/include/TH -I/opt/anaconda3/envs/surfel_splatting/lib/python3.8/site-packages/torch/include/THC -I/opt/anaconda3/envs/surfel_splatting/include -I/opt/anaconda3/envs/surfel_splatting/include/python3.8 -c -c /home/easyai/2dgs-final/submodules/simple-knn/spatial.cu -o /home/easyai/2dgs-final/submodules/simple-knn/build/temp.linux-x86_64-cpython-38/spatial.o -D__CUDA_NO_HALF_OPERATORS__ -D__CUDA_NO_HALF_CONVERSIONS__ -D__CUDA_NO_BFLOAT16_CONVERSIONS__ -D__CUDA_NO_HALF2_OPERATORS__ --expt-relaxed-constexpr --compiler-options ''"'"'-fPIC'"'"'' -DTORCH_API_INCLUDE_EXTENSION_H '-DPYBIND11_COMPILER_TYPE="_gcc"' '-DPYBIND11_STDLIB="_libstdcpp"' '-DPYBIND11_BUILD_ABI="_cxxabi1011"' -DTORCH_EXTENSION_NAME=_C -D_GLIBCXX_USE_CXX11_ABI=0 -gencode=arch=compute_86,code=sm_86 -ccbin /usr/bin/gcc-9 -std=c++17
    /opt/anaconda3/envs/surfel_splatting/lib/python3.8/site-packages/torch/include/c10/util/irange.h(54): warning #186-D: pointless comparison of unsigned integer with zero
              detected during:
                instantiation of "__nv_bool c10::detail::integer_iterator<I, one_sided, <unnamed>>::operator==(const c10::detail::integer_iterator<I, one_sided, <unnamed>> &) const [with I=size_t, one_sided=false, <unnamed>=0]"
    (61): here
                instantiation of "__nv_bool c10::detail::integer_iterator<I, one_sided, <unnamed>>::operator!=(const c10::detail::integer_iterator<I, one_sided, <unnamed>> &) const [with I=size_t, one_sided=false, <unnamed>=0]"
    /opt/anaconda3/envs/surfel_splatting/lib/python3.8/site-packages/torch/include/c10/core/TensorImpl.h(77): here

    /opt/anaconda3/envs/surfel_splatting/lib/python3.8/site-packages/torch/include/c10/util/irange.h(54): warning #186-D: pointless comparison of unsigned integer with zero
              detected during:
                instantiation of "__nv_bool c10::detail::integer_iterator<I, one_sided, <unnamed>>::operator==(const c10::detail::integer_iterator<I, one_sided, <unnamed>> &) const [with I=std::size_t, one_sided=true, <unnamed>=0]"
    (61): here
                instantiation of "__nv_bool c10::detail::integer_iterator<I, one_sided, <unnamed>>::operator!=(const c10::detail::integer_iterator<I, one_sided, <unnamed>> &) const [with I=std::size_t, one_sided=true, <unnamed>=0]"
    /opt/anaconda3/envs/surfel_splatting/lib/python3.8/site-packages/torch/include/ATen/core/qualified_name.h(73): here

    /home/easyai/2dgs-final/submodules/simple-knn/spatial.cu: In function ‘at::Tensor distCUDA2(const at::Tensor&)’:
    /home/easyai/2dgs-final/submodules/simple-knn/spatial.cu:23:65: warning: ‘T* at::Tensor::data() const [with T = float]’ is deprecated: Tensor.data<T>() is deprecated. Please use Tensor.data_ptr<T>() instead. [-Wdeprecated-declarations]
       23 |   SimpleKNN::knn(P, (float3*)points.contiguous().data<float>(), means.contiguous().data<float>());
          |                                                                 ^
    /opt/anaconda3/envs/surfel_splatting/lib/python3.8/site-packages/torch/include/ATen/core/TensorBody.h:244:1: note: declared here
      244 |   T * data() const {
          | ^ ~~
    /home/easyai/2dgs-final/submodules/simple-knn/spatial.cu:23:103: warning: ‘T* at::Tensor::data() const [with T = float]’ is deprecated: Tensor.data<T>() is deprecated. Please use Tensor.data_ptr<T>() instead. [-Wdeprecated-declarations]
       23 |   SimpleKNN::knn(P, (float3*)points.contiguous().data<float>(), means.contiguous().data<float>());
          |                                                                                                       ^
    /opt/anaconda3/envs/surfel_splatting/lib/python3.8/site-packages/torch/include/ATen/core/TensorBody.h:244:1: note: declared here
      244 |   T * data() const {
          | ^ ~~
    creating build/lib.linux-x86_64-cpython-38/simple_knn
    /usr/bin/g++-9 -Wsign-compare -DNDEBUG -g -fwrapv -O3 -Wall -Wstrict-prototypes -pthread -shared -B /opt/anaconda3/envs/surfel_splatting/compiler_compat -L/opt/anaconda3/envs/surfel_splatting/lib -Wl,-rpath=/opt/anaconda3/envs/surfel_splatting/lib -Wl,--no-as-needed -Wl,--sysroot=/ /home/easyai/2dgs-final/submodules/simple-knn/build/temp.linux-x86_64-cpython-38/ext.o /home/easyai/2dgs-final/submodules/simple-knn/build/temp.linux-x86_64-cpython-38/simple_knn.o /home/easyai/2dgs-final/submodules/simple-knn/build/temp.linux-x86_64-cpython-38/spatial.o -L/opt/anaconda3/envs/surfel_splatting/lib/python3.8/site-packages/torch/lib -L/opt/anaconda3/envs/surfel_splatting/lib -lc10 -ltorch -ltorch_cpu -ltorch_python -lcudart -lc10_cuda -ltorch_cuda -o build/lib.linux-x86_64-cpython-38/simple_knn/_C.cpython-38-x86_64-linux-gnu.so
    copying build/lib.linux-x86_64-cpython-38/simple_knn/_C.cpython-38-x86_64-linux-gnu.so -> simple_knn
    Creating /opt/anaconda3/envs/surfel_splatting/lib/python3.8/site-packages/simple-knn.egg-link (link to .)
    Adding simple-knn 0.0.0 to easy-install.pth file

    Installed /home/easyai/2dgs-final/submodules/simple-knn
Successfully installed simple_knn
